2025-22-01 15:01 INFO  [main] o.s.t.c.s.AnnotationConfigContextLoaderUtils - Could not detect default configuration classes for test class [com.demo.enotes_api.integration_test.CategoryControllerIntregationTest]: CategoryControllerIntregationTest does not declare any static, non-private, non-final, nested classes annotated with @Configuration.
2025-22-01 15:01 INFO  [main] o.s.b.t.c.SpringBootTestContextBootstrapper - Found @SpringBootConfiguration com.demo.enotes_api.EnotesApiApplication for test class com.demo.enotes_api.integration_test.CategoryControllerIntregationTest
2025-22-01 15:01 INFO  [main] o.s.b.d.r.RestartApplicationListener - Restart disabled due to context in which it is running
2025-22-01 15:01 INFO  [background-preinit] o.h.validator.internal.util.Version - HV000001: Hibernate Validator 8.0.1.Final
2025-22-01 15:01 INFO  [main] c.d.e.i.CategoryControllerIntregationTest - Starting CategoryControllerIntregationTest using Java 21.0.2 with PID 17496 (started by VINOD in F:\New sts4.4 Workspace\enotes-api)
2025-22-01 15:01 INFO  [main] c.d.e.i.CategoryControllerIntregationTest - The following 1 profile is active: "dev"
2025-22-01 15:01 INFO  [main] o.s.d.r.c.RepositoryConfigurationDelegate - Bootstrapping Spring Data JPA repositories in DEFAULT mode.
2025-22-01 15:01 INFO  [main] o.s.d.r.c.RepositoryConfigurationDelegate - Finished Spring Data repository scanning in 217 ms. Found 7 JPA repository interfaces.
2025-22-01 15:01 INFO  [main] o.h.jpa.internal.util.LogHelper - HHH000204: Processing PersistenceUnitInfo [name: default]
2025-22-01 15:01 INFO  [main] org.hibernate.Version - HHH000412: Hibernate ORM core version 6.5.3.Final
2025-22-01 15:01 INFO  [main] o.h.c.i.RegionFactoryInitiator - HHH000026: Second-level cache disabled
2025-22-01 15:01 INFO  [main] o.s.o.j.p.SpringPersistenceUnitInfo - No LoadTimeWeaver setup: ignoring JPA class transformer
2025-22-01 15:01 INFO  [main] com.zaxxer.hikari.HikariDataSource - HikariPool-1 - Starting...
2025-22-01 15:01 INFO  [main] com.zaxxer.hikari.pool.HikariPool - HikariPool-1 - Added connection com.mysql.cj.jdbc.ConnectionImpl@bd703bb
2025-22-01 15:01 INFO  [main] com.zaxxer.hikari.HikariDataSource - HikariPool-1 - Start completed.
2025-22-01 15:01 WARN  [main] org.hibernate.orm.deprecation - HHH90000025: MySQL8Dialect does not need to be specified explicitly using 'hibernate.dialect' (remove the property setting and it will be selected by default)
2025-22-01 15:01 WARN  [main] org.hibernate.orm.deprecation - HHH90000026: MySQL8Dialect has been deprecated; use org.hibernate.dialect.MySQLDialect instead
2025-22-01 15:01 INFO  [main] o.h.e.t.j.p.i.JtaPlatformInitiator - HHH000489: No JTA platform available (set 'hibernate.transaction.jta.platform' to enable JTA platform integration)
2025-22-01 15:01 INFO  [main] o.s.o.j.LocalContainerEntityManagerFactoryBean - Initialized JPA EntityManagerFactory for persistence unit 'default'
2025-22-01 15:01 INFO  [main] o.s.s.c.a.a.c.InitializeAuthenticationProviderBeanManagerConfigurer$InitializeAuthenticationProviderManagerConfigurer - Global AuthenticationManager configured with AuthenticationProvider bean with name authenticationProvider
2025-22-01 15:01 WARN  [main] o.s.s.c.a.a.c.InitializeUserDetailsBeanManagerConfigurer$InitializeUserDetailsManagerConfigurer - Global AuthenticationManager configured with an AuthenticationProvider bean. UserDetailsService beans will not be used for username/password login. Consider removing the AuthenticationProvider bean. Alternatively, consider using the UserDetailsService in a manually instantiated DaoAuthenticationProvider.
2025-22-01 15:01 INFO  [main] o.s.d.j.r.query.QueryEnhancerFactory - Hibernate is in classpath; If applicable, HQL parser will be used.
2025-22-01 15:01 WARN  [main] o.s.b.a.o.j.JpaBaseConfiguration$JpaWebConfiguration - spring.jpa.open-in-view is enabled by default. Therefore, database queries may be performed during view rendering. Explicitly configure spring.jpa.open-in-view to disable this warning
2025-22-01 15:01 INFO  [main] o.s.b.a.e.web.EndpointLinksResolver - Exposing 1 endpoint beneath base path '/actuator'
2025-22-01 15:01 INFO  [main] o.s.b.t.m.w.SpringBootMockServletContext - Initializing Spring TestDispatcherServlet ''
2025-22-01 15:01 INFO  [main] o.s.t.w.s.TestDispatcherServlet - Initializing Servlet ''
2025-22-01 15:01 INFO  [main] o.s.t.w.s.TestDispatcherServlet - Completed initialization in 5 ms
2025-22-01 15:01 INFO  [main] c.d.e.i.CategoryControllerIntregationTest - Started CategoryControllerIntregationTest in 20.803 seconds (process running for 24.422)
2025-22-01 15:01 ERROR [main] c.d.e.e.GlobalExceptionHandler - GlobalExceptionHandler : handleException() : Request method 'POST' is not supported
2025-22-01 15:01 INFO  [SpringApplicationShutdownHook] o.s.o.j.LocalContainerEntityManagerFactoryBean - Closing JPA EntityManagerFactory for persistence unit 'default'
2025-22-01 15:01 INFO  [SpringApplicationShutdownHook] com.zaxxer.hikari.HikariDataSource - HikariPool-1 - Shutdown initiated...
2025-22-01 15:01 INFO  [SpringApplicationShutdownHook] com.zaxxer.hikari.HikariDataSource - HikariPool-1 - Shutdown completed.
