2025-21-57 11:57 INFO  [restartedMain] c.d.enotes_api.EnotesApiApplication - Starting EnotesApiApplication using Java 21.0.2 with PID 18320 (F:\New sts4.4 Workspace\enotes-api\target\classes started by VINOD in F:\New sts4.4 Workspace\enotes-api)
2025-21-57 11:57 INFO  [restartedMain] c.d.enotes_api.EnotesApiApplication - The following 1 profile is active: "dev"
2025-21-57 11:57 INFO  [restartedMain] o.s.d.r.c.RepositoryConfigurationDelegate - Bootstrapping Spring Data JPA repositories in DEFAULT mode.
2025-21-57 11:57 INFO  [restartedMain] o.s.d.r.c.RepositoryConfigurationDelegate - Finished Spring Data repository scanning in 56 ms. Found 7 JPA repository interfaces.
2025-21-57 11:57 INFO  [restartedMain] o.s.b.w.e.tomcat.TomcatWebServer - Tomcat initialized with port 8080 (http)
2025-21-57 11:57 INFO  [restartedMain] o.a.coyote.http11.Http11NioProtocol - Initializing ProtocolHandler ["http-nio-8080"]
2025-21-57 11:57 INFO  [restartedMain] o.a.catalina.core.StandardService - Starting service [Tomcat]
2025-21-57 11:57 INFO  [restartedMain] o.a.catalina.core.StandardEngine - Starting Servlet engine: [Apache Tomcat/10.1.31]
2025-21-57 11:57 INFO  [restartedMain] o.a.c.c.C.[Tomcat-8].[localhost].[/] - Initializing Spring embedded WebApplicationContext
2025-21-57 11:57 INFO  [restartedMain] o.s.b.w.s.c.ServletWebServerApplicationContext - Root WebApplicationContext: initialization completed in 1441 ms
2025-21-57 11:57 INFO  [restartedMain] o.h.jpa.internal.util.LogHelper - HHH000204: Processing PersistenceUnitInfo [name: default]
2025-21-57 11:57 INFO  [restartedMain] o.h.c.i.RegionFactoryInitiator - HHH000026: Second-level cache disabled
2025-21-57 11:57 INFO  [restartedMain] o.s.o.j.p.SpringPersistenceUnitInfo - No LoadTimeWeaver setup: ignoring JPA class transformer
2025-21-57 11:57 INFO  [restartedMain] com.zaxxer.hikari.HikariDataSource - HikariPool-34 - Starting...
2025-21-57 11:57 INFO  [restartedMain] com.zaxxer.hikari.pool.HikariPool - HikariPool-34 - Added connection com.mysql.cj.jdbc.ConnectionImpl@2511b2b8
2025-21-57 11:57 INFO  [restartedMain] com.zaxxer.hikari.HikariDataSource - HikariPool-34 - Start completed.
2025-21-57 11:57 WARN  [restartedMain] org.hibernate.orm.deprecation - HHH90000025: MySQL8Dialect does not need to be specified explicitly using 'hibernate.dialect' (remove the property setting and it will be selected by default)
2025-21-57 11:57 WARN  [restartedMain] org.hibernate.orm.deprecation - HHH90000026: MySQL8Dialect has been deprecated; use org.hibernate.dialect.MySQLDialect instead
2025-21-57 11:57 INFO  [restartedMain] o.h.e.t.j.p.i.JtaPlatformInitiator - HHH000489: No JTA platform available (set 'hibernate.transaction.jta.platform' to enable JTA platform integration)
2025-21-57 11:57 INFO  [restartedMain] o.s.o.j.LocalContainerEntityManagerFactoryBean - Initialized JPA EntityManagerFactory for persistence unit 'default'
2025-21-57 11:57 INFO  [restartedMain] o.s.s.c.a.a.c.InitializeAuthenticationProviderBeanManagerConfigurer$InitializeAuthenticationProviderManagerConfigurer - Global AuthenticationManager configured with AuthenticationProvider bean with name authenticationProvider
2025-21-57 11:57 WARN  [restartedMain] o.s.s.c.a.a.c.InitializeUserDetailsBeanManagerConfigurer$InitializeUserDetailsManagerConfigurer - Global AuthenticationManager configured with an AuthenticationProvider bean. UserDetailsService beans will not be used for username/password login. Consider removing the AuthenticationProvider bean. Alternatively, consider using the UserDetailsService in a manually instantiated DaoAuthenticationProvider.
2025-21-57 11:57 WARN  [restartedMain] o.s.b.w.s.c.AnnotationConfigServletWebServerApplicationContext - Exception encountered during context initialization - cancelling refresh attempt: org.springframework.beans.factory.UnsatisfiedDependencyException: Error creating bean with name 'cacheController': Unsatisfied dependency expressed through field 'cacheManagerService': No qualifying bean of type 'com.demo.enotes_api.service.CacheManagerService' available: expected at least 1 bean which qualifies as autowire candidate. Dependency annotations: {@org.springframework.beans.factory.annotation.Autowired(required=true)}
2025-21-57 11:57 INFO  [restartedMain] o.s.o.j.LocalContainerEntityManagerFactoryBean - Closing JPA EntityManagerFactory for persistence unit 'default'
2025-21-57 11:57 INFO  [restartedMain] com.zaxxer.hikari.HikariDataSource - HikariPool-34 - Shutdown initiated...
2025-21-57 11:57 INFO  [restartedMain] com.zaxxer.hikari.HikariDataSource - HikariPool-34 - Shutdown completed.
2025-21-57 11:57 INFO  [restartedMain] o.a.catalina.core.StandardService - Stopping service [Tomcat]
2025-21-57 11:57 INFO  [restartedMain] o.s.b.a.l.ConditionEvaluationReportLogger - 

Error starting ApplicationContext. To display the condition evaluation report re-run your application with 'debug' enabled.
2025-21-57 11:57 ERROR [restartedMain] o.s.b.d.LoggingFailureAnalysisReporter - 

***************************
APPLICATION FAILED TO START
***************************

Description:

Field cacheManagerService in com.demo.enotes_api.controller.CacheController required a bean of type 'com.demo.enotes_api.service.CacheManagerService' that could not be found.

The injection point has the following annotations:
	- @org.springframework.beans.factory.annotation.Autowired(required=true)


Action:

Consider defining a bean of type 'com.demo.enotes_api.service.CacheManagerService' in your configuration.

